17:59:49 **** Incremental Build of configuration Debug for project 32 ****
cs-make all 
'Building file: ../system/src/cortexm/exception_handlers.c'
'Invoking: Cross ARM C Compiler'
arm-none-linux-gnueabi-gcc -mcpu=cortex-m4 -mthumb -mfloat-abi=soft -Og -fmessage-length=0 -fsigned-char -ffunction-sections -fdata-sections -fno-move-loop-invariants -Wall -Wextra  -g3 -DDEBUG -DUSE_FULL_ASSERT -DTRACE -DOS_USE_TRACE_ITM -DSTM32F429xx -DUSE_HAL_DRIVER -DHSE_VALUE=8000000 -I"../include" -I"../system/include" -I"../system/include/cmsis" -I"../system/include/stm32f4-hal" -std=gnu11 -MMD -MP -MF"system/src/cortexm/exception_handlers.d" -MT"system/src/cortexm/exception_handlers.o" -c -o "system/src/cortexm/exception_handlers.o" "../system/src/cortexm/exception_handlers.c"
../system/src/cortexm/exception_handlers.c: In function 'Reset_Handler':
../system/src/cortexm/exception_handlers.c:28:3: warning: 'noreturn' function does return [enabled by default]
   }
   ^
'Finished building: ../system/src/cortexm/exception_handlers.c'
' '
'Building target: 32.elf'
'Invoking: Cross ARM C++ Linker'
arm-none-linux-gnueabi-g++ -mcpu=cortex-m4 -mthumb -mfloat-abi=soft -Og -fmessage-length=0 -fsigned-char -ffunction-sections -fdata-sections -fno-move-loop-invariants -Wall -Wextra  -g3 -T mem.ld -T libs.ld -T sections.ld -nostartfiles -Xlinker --gc-sections -L"../ldscripts" -Wl,-Map,"32.map" -o "32.elf"  ./system/src/stm32f4-hal/stm32f4xx_hal.o ./system/src/stm32f4-hal/stm32f4xx_hal_cortex.o ./system/src/stm32f4-hal/stm32f4xx_hal_flash.o ./system/src/stm32f4-hal/stm32f4xx_hal_flash_ex.o ./system/src/stm32f4-hal/stm32f4xx_hal_flash_ramfunc.o ./system/src/stm32f4-hal/stm32f4xx_hal_gpio.o ./system/src/stm32f4-hal/stm32f4xx_hal_iwdg.o ./system/src/stm32f4-hal/stm32f4xx_hal_pcd_ex.o ./system/src/stm32f4-hal/stm32f4xx_hal_pwr.o ./system/src/stm32f4-hal/stm32f4xx_hal_pwr_ex.o ./system/src/stm32f4-hal/stm32f4xx_hal_rcc.o ./system/src/stm32f4-hal/stm32f4xx_hal_rcc_ex.o  ./system/src/diag/Trace.o ./system/src/diag/trace_impl.o  ./system/src/cortexm/_initialize_hardware.o ./system/src/cortexm/_reset_hardware.o ./system/src/cortexm/exception_handlers.o  ./system/src/cmsis/system_stm32f4xx.o ./system/src/cmsis/vectors_stm32f4xx.o  ./src/_initialize_hardware.o ./src/_write.o ./src/main.o   
d:/program files/sourcery_codebench_lite_for_arm_gnu_linux/bin/../lib/gcc/arm-none-linux-gnueabi/4.8.3/../../../../arm-none-linux-gnueabi/bin/ld.exe: warning: cannot find entry symbol _start; defaulting to 08000200
'Finished building target: 32.elf'
' '
'Invoking: Cross ARM GNU Create Flash Image'
arm-none-linux-gnueabi-objcopy -O ihex "32.elf"  "32.hex"
'Finished building: 32.hex'
' '
'Invoking: Cross ARM GNU Print Size'
arm-none-linux-gnueabi-size --format=berkeley "32.elf"
   text	   data	    bss	    dec	    hex	filename
    676	    204	    256	   1136	    470	32.elf
'Finished building: 32.siz'
' '

17:59:57 Build Finished (took 8s.163ms)

